[mez.ink/whatsap_go.html]
[mez.ink/_next/static/images/mezink_color.png]
[backblue.gif]
[fade.gif]
[index.html]
[mez.ink/_next/static/globals-web.css]
[mez.ink/_next/static/css/438a57e4b973d0f5de26.css]
[mez.ink/_next/static/chunks/polyfills-a40ef1678bae11e696dba45124eadd70.js]
[mez.ink/_next/static/chunks/4043.e837ee14c7838316239a.js]
[mez.ink/_next/static/chunks/webpack-62698d4ed228cc430e31.js]
[mez.ink/_next/static/chunks/framework-336caa3f6419768205fe.js]
[mez.ink/_next/static/chunks/main-e60e5447eddeedd1eac7.js]
[mez.ink/_next/static/chunks/ad7f724d-90508684870dcbf75f15.js]
[mez.ink/_next/static/chunks/pages/_app-1c45059c5f64a848fd56.js]
[mez.ink/_next/static/chunks/5718-22ba339895df19b1492c.js]
[mez.ink/_next/static/chunks/5528-67310944a0f67aebaf06.js]
[mez.ink/_next/static/chunks/6066-52d2243f284780ea1903.js]
[mez.ink/_next/static/chunks/8295-cef245bff8366b01dec7.js]
[mez.ink/_next/static/chunks/210-655e98b31b774a0109e4.js]
[mez.ink/_next/static/chunks/1570-7c71fb7dbab0f44a6075.js]
[mez.ink/_next/static/chunks/2715-c4ffdfe1c4517dc798f4.js]
[mez.ink/_next/static/chunks/169-115c8892bb5ab25a68d9.js]
[mez.ink/_next/static/chunks/795-bb5e35b9f09e20d057af.js]
[mez.ink/_next/static/chunks/pages/[username]-13d18dcc5b70c0ca70d6.js]
[mez.ink/_next/static/5CByh-Z7YGTz_Gn5q49gc/_buildManifest.js]
[mez.ink/_next/static/5CByh-Z7YGTz_Gn5q49gc/_ssgManifest.js]
[mez.ink/sign-in.html]
[mez.ink/whatsap_go.html]
[mez.ink/_next/static/globals-web.css]
[mez.ink/_next/static/css/438a57e4b973d0f5de26.css]
[mez.ink/_next/static/cross-icon.svg]
[mez.ink/_next/static/chunks/faee2839-a3cba676738aa5e09a72.js]
[mez.ink/_next/static/chunks/5825-8a85f780661d270cc513.js]
[mez.ink/_next/static/chunks/7009-0c73024a5dc50eebb0c0.js]
[mez.ink/_next/static/chunks/pages/sign-in-a726cf3fa2a3f6555ec9.js]
[mez.ink/_next/static/images/mezink-logo-full.png]
[mez.ink/index.html]
[mez.ink/_next/static/images/onboarding/rated.png]
[mez.ink/_next/static/images/onboarding/girl.png]
[mez.ink/privacy-policy/indonesia.html]
[mez.ink/_next/static/images/onboarding/whatsapp.png]
[mez.ink/_next/static/images/onboarding/sign-in.webp]
[mez.ink/_next/static/images/onboarding/mezink-white.png]
[mez.ink/sign-in.html]
[mez.ink/_next/static/cross-icon.svg]
[mez.ink/mezink-web/_next/static/images/mezink_color.png]
[mez.ink/mezink-web/_next/static/chunks/webpack-0a10680e470eae05.js]
[mez.ink/mezink-web/_next/static/chunks/framework-93b89dc25365d5c7.js]
[mez.ink/mezink-web/_next/static/chunks/main-a4f3534217a2edac.js]
[mez.ink/mezink-web/_next/static/chunks/63d73cf9-168bcda743145b81.js]
[mez.ink/mezink-web/_next/static/chunks/6744-6d08ec88f3029599.js]
[mez.ink/mezink-web/_next/static/chunks/5065-e69956a64d7d66e2.js]
[mez.ink/mezink-web/_next/static/chunks/pages/index-6e46ec277bfb4562.js]
[mez.ink/mezink-web/_next/static/lgQgwwxa3NZxpKXuZIApd/_buildManifest.js]
[mez.ink/mezink-web/_next/static/lgQgwwxa3NZxpKXuZIApd/_ssgManifest.js]
[mez.ink/mezink-web/_next/static/lgQgwwxa3NZxpKXuZIApd/_middlewareManifest.js]
[mez.ink/mezink-web/_next/static/chunks/polyfills-5cd94c89d3acac5f.js]
[mez.ink/mezink-web/_next/static/chunks/pages/_app-6feef58845887198.js]
[mez.ink/mezink-web/_next/static/chunks/1212.136662266ab44dfd.js]
[mez.ink/mezink-web/_next/static/chunks/6066.41d4c573173423e4.js]
[mez.ink/mezink-web/_next/static/chunks/2074.b0b4134cc4999bed.js]
[mez.ink/mezink-web/_next/static/chunks/7111.ef734bda488f66af.js]
[mez.ink/mezink-web/_next/static/chunks/8158.e7642d7962a8e6b3.js]
[mez.ink/mezink-web/_next/static/chunks/3691.df3c8f60e02f02c6.js]
[mez.ink/mezink-web/_next/static/chunks/1586.e3f2b10a080773e7.js]
[mez.ink/mezink-web/_next/static/chunks/6276.8eb8982cd358cb58.js]
[mez.ink/mezink-web/_next/static/chunks/2054.745439524604213a.js]
[mez.ink/mezink-web/_next/static/chunks/8404.d025668bdf948901.js]
[mez.ink/free-tools/qr-code-generator.html]
[mez.ink/free-tools/invoice.html]
[mez.ink/tools/instagram-engagement-calculator.html]
[mez.ink/tools/youtube-engagement-calculator.html]
[mez.ink/tools/twitter-engagement-calculator.html]
[mez.ink/compare/link-in-bio.html]
[mez.ink/compare/form-builders.html]
[mez.ink/faq.html]
[mez.ink/mezink/contact-mezink.html]
[mez.ink/blog/index.html]
[mez.ink/mezink-web/_next/static/images/home-page-v2/hero.png]
[mez.ink/mezink-web/_next/static/images/home-page-v2/hero-mobile.png]
[mez.ink/mezink-web/_next/static/images/home-page-v2/shape-half-circle-teal.png]
[mez.ink/mezink-web/_next/static/images/home-page-v2/shape-combination-1.png]
[mez.ink/mezink-web/_next/static/images/home-page-v2/shape-full-circle-teal.png]
[cdnjs.cloudflare.com/ajax/libs/slick-carousel/1.6.0/slick.min.css]
[cdnjs.cloudflare.com/ajax/libs/slick-carousel/1.6.0/slick-theme.min.css]
[mez.ink/mezink-web/_next/static/images/home-page-v2/brand-carousel-7.png]
[mez.ink/mezink-web/_next/static/images/home-page-v2/brand-carousel-8.png]
[mez.ink/mezink-web/_next/static/images/home-page-v2/brand-carousel-9.png]
[mez.ink/mezink-web/_next/static/images/home-page-v2/brand-carousel-10.png]
[mez.ink/mezink-web/_next/static/images/home-page-v2/brand-carousel-11.png]
[mez.ink/mezink-web/_next/static/images/home-page-v2/brand-carousel-1.png]
[mez.ink/mezink-web/_next/static/images/home-page-v2/brand-carousel-2.png]
[mez.ink/mezink-web/_next/static/images/home-page-v2/brand-carousel-3.png]
[mez.ink/mezink-web/_next/static/images/home-page-v2/brand-carousel-4.png]
[mez.ink/mezink-web/_next/static/images/home-page-v2/brand-carousel-5.png]
[mez.ink/mezink-web/_next/static/images/home-page-v2/brand-carousel-6.png]
[mez.ink/mezink-web/_next/static/images/home-page-v2/testimonial-user-1.png]
[mez.ink/mezink-web/_next/static/images/home-page-v2/testimonial-user-2.png]
[mez.ink/mezink-web/_next/static/images/home-page-v2/testimonial-user-3.png]
[mez.ink/mezink-web/_next/static/images/home-page-v2/testimonial-user-4.png]
[mez.ink/mezink-web/_next/static/images/home-page-v2/testimonial-user-5.png]
[mez.ink/mezink-web/_next/static/images/home-page-v2/shape-combination-2.png]
[mez.ink/mezink-web/_next/static/images/home-page-v2/kol-network-icon.png]
[mez.ink/mezink-web/_next/static/images/home-page-v2/kol-network-header-1.png]
[mez.ink/mezink-web/_next/static/images/home-page-v2/kol-location-icon.png]
[mez.ink/mezink-web/_next/static/images/home-page-v2/kol-network-1.png]
[mez.ink/mezink-web/_next/static/images/home-page-v2/kol-following-icon.png]
[mez.ink/mezink-web/_next/static/images/home-page-v2/kol-reach-icon.png]
[mez.ink/mezink-web/_next/static/images/home-page-v2/kol-engagement-icon.png]
[mez.ink/mezink-web/_next/static/images/home-page-v2/kol-network-2.png]
[mez.ink/mezink-web/_next/static/images/home-page-v2/kol-network-3.png]
[mez.ink/mezink-web/_next/static/images/home-page-v2/kol-network-4.png]
[mez.ink/mezink-web/_next/static/images/home-page-v2/kol-network-5.png]
[mez.ink/mezink-web/_next/static/images/home-page-v2/shape-one-fourth-circle-purple.png]
[mez.ink/mezink-web/_next/static/images/home-page-v2/influencer-marketing-check.png]
[mez.ink/mezink-web/_next/static/images/home-page-v2/influencer-marketing-icon-1.png]
[mez.ink/mezink-web/_next/static/images/home-page-v2/influencer-marketing-1.png]
[mez.ink/mezink-web/_next/static/images/home-page-v2/influencer-marketing-icon-2.png]
[mez.ink/mezink-web/_next/static/images/home-page-v2/influencer-marketing-2.png]
[mez.ink/mezink-web/_next/static/images/home-page-v2/advantage-1.png]
[mez.ink/mezink-web/_next/static/images/home-page-v2/advantage-2.png]
[mez.ink/mezink-web/_next/static/images/home-page-v2/advantage-3.png]
[mez.ink/mezink-web/_next/static/images/home-page-v2/advantage-4.png]
[mez.ink/mezink-web/_next/static/images/home-page-v2/shape-half-capsule-green.png]
[mez.ink/mezink-web/_next/static/images/home-page-v2/customers-company-1.png]
[mez.ink/mezink-web/_next/static/images/home-page-v2/customers-person-1.png]
[mez.ink/roket.ai/casestudy.html]
[mez.ink/mezink-web/_next/static/images/home-page-v2/customers-company-2.png]
[mez.ink/mezink-web/_next/static/images/home-page-v2/customers-person-2.png]
[mez.ink/mezink-web/_next/static/images/home-page-v2/customers-company-3.png]
[mez.ink/mezink-web/_next/static/images/home-page-v2/customers-person-3.png]
[mez.ink/mezink-web/_next/static/images/home-page-v2/shape-combination-3.png]
[mez.ink/mezink-web/_next/static/images/home-page-v2/insights-hero.png]
[mez.ink/mezink-web/_next/static/images/home-page-v2/insights-rightcircles.png]
[mez.ink/mezink-web/_next/static/images/home-page-v2/insights-external-circles.png]
[mez.ink/pricing.html]
[mez.ink/academy.html]
[mez.ink/report-profile.html]
[mez.ink/cdn-cgi/l/email-protection.html]
[mez.ink/widget/socialf182.html]
[mez.ink/index.html]
[mez.ink/cdn-cgi/scripts/5c5dd728/cloudflare-static/email-decode.min.js]
[mez.ink/mezink-web/_next/static/chunks/9574-8070f062c48e735f.js]
[mez.ink/mezink-web/_next/static/chunks/pages/privacy-policy/[country]-276d3d21e5f6e143.js]
[mez.ink/mezink-web/_next/static/chunks/447.89e7193f9d5f583e.js]
[mez.ink/mezink-web/_next/static/chunks/6422.81aeba3eea90e3f4.js]
[mez.ink/mezink-web/_next/static/images/tiles-right.png]
[mez.ink/mezink-web/_next/static/images/tiles.png]
[mez.ink/privacy-policy/indonesia.html]
[mez.ink/mezink-web/_next/static/chunks/pages/free-tools/qr-code-generator-1233aa7724ec2541.js]
[mez.ink/mezink-web/_next/static/chunks/4246.c47896719f8b2f90.js]
[mez.ink/mezink-web/_next/static/chunks/284.8926a4deef469598.js]
[mez.ink/free-tools/qr-code-generator.html]
[mez.ink/mezink-web/_next/static/chunks/pages/free-tools/invoice-a00eaf821b803330.js]
[mez.ink/mezink-web/_next/static/chunks/2626.21f72889c9d856f3.js]
[mez.ink/mezink-web/_next/static/images/invoice/imageLogo.png]
[mez.ink/mezink-web/_next/static/images/invoice/delete.png]
[mez.ink/mezink-web/_next/static/images/invoice/logo.png]
[mez.ink/free-tools/invoice.html]
[code.highcharts.com/highcharts.9d.delayed]
[code.highcharts.com/modules/heatmap.js]
[mez.ink/_next/static/chunks/4944.f2830ba8626b04ee0ca1.js]
[mez.ink/_next/static/chunks/63d73cf9-b4e849491609a9dcf6b9.js]
[mez.ink/_next/static/chunks/4b358913-22d0550c1ef6d4473061.js]
[mez.ink/_next/static/chunks/2314-c277ad31e844e1630e17.js]
[mez.ink/_next/static/chunks/1701-189e2d9d26a2c70f0881.js]
[mez.ink/_next/static/chunks/pages/tools/instagram-engagement-calculator-93b612bb6f93148d4d8e.js]
[mez.ink/_next/static/images/search-pink.png]
[scontent-sin6-1.xx.fbcdn.net/v/t51.2885-15/309649757_495468799159697_3873573893582934089_n97c0.jpg]
[mez.ink/_next/static/images/blaze.png]
[mez.ink/_next/static/images/heart.png]
[mez.ink/_next/static/images/comment.png]
[mez.ink/_next/static/images/i-icon.png]
[scontent-sin6-3.cdninstagram.com/v/t51.29350-15/397444934_281848961488691_4942712406644098036_nafa0.jpg]
[scontent-sin6-2.cdninstagram.com/v/t51.29350-15/395676546_768711465014955_779174849182835981_nb444.jpg]
[scontent-sin6-1.cdninstagram.com/v/t51.29350-15/397382207_709563844118118_4725736141733372163_n00ee.jpg]
[scontent-sin6-2.cdninstagram.com/v/t51.29350-15/398813496_6815199725233627_4800297329010201569_n02ab.jpg]
[mez.ink/_next/static/images/engagement-calculators/no_image.png]
[scontent-sin6-4.cdninstagram.com/v/t51.29350-15/397501462_752559753378164_3945196993521149242_n12f6.jpg]
[scontent-sin6-3.cdninstagram.com/v/t51.29350-15/397615485_1426921481504573_6583334849800267243_nac37.jpg]
[scontent-sin6-2.cdninstagram.com/v/t51.29350-15/397019161_867060138070399_4144476134267148203_n76f0.jpg]
[scontent-sin6-3.cdninstagram.com/v/t51.29350-15/397050024_1052811355917935_7150747741698882032_n1e47.jpg]
[scontent-sin6-2.cdninstagram.com/v/t51.29350-15/396933018_985798676053655_4043933036079290736_nbb0c.jpg]
[mez.ink/_next/static/images/engagement-calculators/twitter_eng_calc.png]
[mez.ink/_next/static/images/engagement-calculators/youtube_eng_calc.png]
[mez.ink/tools/instagram-engagement-calculator.html]
[mez.ink/_next/static/chunks/pages/tools/youtube-engagement-calculator-75ae57cdf4a9f6942d53.js]
[i.ytimg.com/vi/ulFt5rvMQjg/mqdefault.jpg]
[i.ytimg.com/vi/ffRfIfGgjmw/mqdefault.jpg]
[i.ytimg.com/vi/oEbhVyVsFj8/mqdefault.jpg]
[i.ytimg.com/vi/cCw8LjxDEVA/mqdefault.jpg]
[i.ytimg.com/vi/1BwrXjgAPvw/mqdefault.jpg]
[i.ytimg.com/vi/oZIlIludZto/mqdefault.jpg]
[i.ytimg.com/vi/ygAC0yJp1KU/mqdefault.jpg]
[i.ytimg.com/vi/mU4iKcZoKP4/mqdefault.jpg]
[i.ytimg.com/vi/AfswKw-Sb6M/mqdefault.jpg]
[i.ytimg.com/vi/KIvfM4g4aG4/mqdefault.jpg]
[i.ytimg.com/vi/9WH4_DgFDJo/mqdefault.jpg]
[i.ytimg.com/vi/fU6LzFiEUJQ/mqdefault.jpg]
[i.ytimg.com/vi/4nEIqrK34rg/mqdefault.jpg]
[i.ytimg.com/vi/HodJLhRV7gY/mqdefault.jpg]
[i.ytimg.com/vi/L6BZqGgjWkU/mqdefault.jpg]
[mez.ink/_next/static/images/engagement-calculators/instagram_eng_calc.png]
[mez.ink/tools/youtube-engagement-calculator.html]
[mez.ink/_next/static/chunks/pages/tools/twitter-engagement-calculator-01ea86ac6525d85e8ce6.js]
[mez.ink/tools/twitter-engagement-calculator.html]
[mez.ink/mezink-web/_next/static/chunks/pages/compare/link-in-bio-dd3f42f0a72b39f2.js]
[mez.ink/mezink-web/_next/static/chunks/4323.1c3908b60af2137d.js]
[mez.ink/mezink-web/_next/static/chunks/4771.581941b00246d2f9.js]
[mez.ink/mezink-web/_next/static/chunks/5019.5c41392f5a0f14b3.js]
[mez.ink/mezink-web/_next/static/chunks/4703.8e4206645bddb42b.js]
[mez.ink/mezink-web/_next/static/chunks/7934.d248197b6faf2047.js]
[mez.ink/mezink-web/_next/static/chunks/1393.49f8a835240f1092.js]
[mez.ink/mezink-web/_next/static/chunks/7810.83e97640a347fa96.js]
[mez.ink/mezink-web/_next/static/images/newCompare/compare_header_banner.webp]
[mez.ink/compare/link-in-bio/linktree.html]
[mez.ink/mezink-web/_next/static/images/newCompare/Linktree_Icon.webp]
[mez.ink/compare/link-in-bio/beacons.html]
[mez.ink/mezink-web/_next/static/images/newCompare/Beacons_Icon.webp]
[mez.ink/compare/link-in-bio/biolink.html]
[mez.ink/mezink-web/_next/static/images/newCompare/BioLink_Icon.webp]
[mez.ink/compare/link-in-bio/linkr.html]
[mez.ink/mezink-web/_next/static/images/newCompare/Linkr_Icon.webp]
[mez.ink/compare/link-in-bio/milkshake.html]
[mez.ink/mezink-web/_next/static/images/newCompare/Milkshake.webp]
[mez.ink/compare/link-in-bio/bitly.html]
[mez.ink/mezink-web/_next/static/images/newCompare/bitly.png]
[mez.ink/compare/link-in-bio/carrd.html]
[mez.ink/mezink-web/_next/static/images/newCompare/Carrd_Icon.webp]
[mez.ink/compare/link-in-bio/campsite.html]
[mez.ink/mezink-web/_next/static/images/newCompare/Campsite_Icon.webp]
[mez.ink/compare/link-in-bio/zaaplink.html]
[mez.ink/mezink-web/_next/static/images/newCompare/Zaaplink_Icon.webp]
[mez.ink/compare/link-in-bio/allmylinks.html]
[mez.ink/mezink-web/_next/static/images/newCompare/AllMyLinks.webp]
[mez.ink/mezink-web/_next/static/images/newCompare/Mobiles_Mockup.webp]
[mez.ink/mezink-web/_next/static/images/newCompare/BigCube_Left.webp]
[mez.ink/mezink-web/_next/static/images/newCompare/SmallCube_Left.webp]
[mez.ink/mezink-web/_next/static/images/mezink_logo_white.png]
[mez.ink/mezink-web/_next/static/images/newCompare/yes.png]
[mez.ink/mezink-web/_next/static/images/newCompare/no.png]
[mez.ink/mezink-web/_next/static/images/newCompare/SmallCube_Right.webp]
[mez.ink/mezink-web/_next/static/images/newCompare/BigCube_Right.webp]
[mez.ink/mezink-web/_next/static/images/newCompare/ritaaurellia.webp]
[mez.ink/ritaaurellia.html]
[mez.ink/mezink-web/_next/static/images/newCompare/marco_macro.webp]
[mez.ink/marco_macro.html]
[mez.ink/mezink-web/_next/static/images/newCompare/podcast2.webp]
[mez.ink/podcast02.html]
[mez.ink/mezink-web/_next/static/images/newCompare/christianl094.webp]
[mez.ink/christianl094.html]
[mez.ink/mezink-web/_next/static/images/newCompare/bananana.webp]
[mez.ink/bananana.html]
[mez.ink/mezink-web/_next/static/images/newCompare/lyndarosie.webp]
[mez.ink/lyndarosie.html]
[mez.ink/mezink-web/_next/static/images/newCompare/grey_small_cube.webp]
[mez.ink/mezink-web/_next/static/images/help_icon.png]
[mez.ink/compare/link-in-bio.html]
[mez.ink/mezink-web/_next/static/chunks/pages/compare/form-builders-1ab57fbc15500b56.js]
[mez.ink/mezink-web/_next/static/images/newCompare/form-builder/header_illustration.png]
[mez.ink/compare/form-builders/typeform.html]
[mez.ink/mezink-web/_next/static/images/newCompare/form-builder/typeform.webp]
[mez.ink/compare/form-builders/googleform.html]
[mez.ink/mezink-web/_next/static/images/newCompare/form-builder/google.webp]
[mez.ink/compare/form-builders/jotform.html]
[mez.ink/mezink-web/_next/static/images/newCompare/form-builder/jotform.webp]
[mez.ink/compare/form-builders/hubspot.html]
[mez.ink/mezink-web/_next/static/images/newCompare/form-builder/hubspot.webp]
[mez.ink/compare/form-builders/tallyso.html]
[mez.ink/mezink-web/_next/static/images/newCompare/form-builder/tallyso.webp]
[mez.ink/compare/form-builders/zohoform.html]
[mez.ink/mezink-web/_next/static/images/newCompare/form-builder/zohoform.webp]
[mez.ink/compare/form-builders/formsapp.html]
[mez.ink/mezink-web/_next/static/images/newCompare/form-builder/formsapp.webp]
[mez.ink/compare/form-builders/microsoftforms.html]
[mez.ink/mezink-web/_next/static/images/newCompare/form-builder/microsoft.webp]
[mez.ink/mezink-web/_next/static/images/newCompare/form-builder/illustrationform.png]
[mez.ink/compare/form-builders.html]
[mez.ink/pricing/index.html]
[mez.ink/academy/index.html]
[mez.ink/blog/wp-includes/css/dist/block-library/style.min1b46.css]
[mez.ink/blog/wp-includes/js/mediaelement/mediaelementplayer-legacy.min1f61.css]
[mez.ink/blog/en/index.html]
[mez.ink/blog/wp-includes/js/mediaelement/wp-mediaelement.min1b46.css]
[mez.ink/blog/comments/feed/index.html]
[mez.ink/blog/wp-includes/css/classic-themes.min68b3.css]
[mez.ink/blog/wp-includes/css/dashicons.min1b46.css]
[mez.ink/blog/wp-content/plugins/post-views-counter/css/frontend.min9484.css]
[mez.ink/blog/wp-content/plugins/table-of-contents-plus/screen.minb258.css]
[mez.ink/blog/wp-content/plugins/td-composer/td-multi-purpose/style4fe1.css]
[mez.ink/blog/wp-content/plugins/td-composer/assets/fonts/font-awesome/font-awesome4fe1.css]
[mez.ink/blog/wp-content/themes/Newspaper/styled6cc.css]
[mez.ink/blog/wp-content/plugins/td-composer/legacy/Newspaper/assets/css/td_legacy_main4fe1.css]
[mez.ink/blog/wp-content/plugins/jetpack/css/jetpack2e62.css]
[mez.ink/blog/wp-includes/js/jquery/jquery.mina7a0.js]
[mez.ink/blog/wp-includes/js/jquery/jquery-migrate.mind617.js]
[mez.ink/blog/xmlrpc0db0.php]
[mez.ink/blog/wp-json/wp/v2/pages/235.json]
[mez.ink/blog/wp-includes/wlwmanifest.xml]
[mez.ink/blog/wp-json/index.html]
[mez.ink/blog/wp-json/oembed/1.0/embedf26a.json]
[mez.ink/blog/wp-json/oembed/1.0/embedb53d]
[mez.ink/blog/wp-content/uploads/2022/10/cropped-mezink-new-logo-32x32.jpg]
[mez.ink/blog/wp-content/uploads/2022/10/cropped-mezink-new-logo-192x192.jpg]
[mez.ink/blog/wp-content/uploads/2022/10/cropped-mezink-new-logo-180x180.jpg]
[mez.ink/blog/wp-content/plugins/table-of-contents-plus/front.minb258.js]
[mez.ink/blog/category/tutorial-dashboard-youtube/index.html]
[mez.ink/blog/category/tutorial-figma/index.html]
[mez.ink/blog/wp-includes/js/underscore.mind584.js]
[mez.ink/blog/category/mezink-academy/index.html]
[mez.ink/blog/wp-content/plugins/td-cloud-library/assets/js/js_posts_autoload.mina271.js]
[mez.ink/blog/akademi-konten-kreator/index.html]
[mez.ink/blog/category/tips-youtube/index.html]
[mez.ink/blog/category/tips-instagram/index.html]
[mez.ink/blog/wp-content/plugins/td-composer/legacy/Newspaper/js/tagdiv_theme.mind6cc.js]
[mez.ink/blog/category/tips-tiktok/index.html]
[mez.ink/blog/wp-includes/js/comment-reply.min1b46.js]
[mez.ink/blog/category/tips-ecommerce/index.html]
[mez.ink/blog/category/tips-digital-creator/index.html]
[mez.ink/blog/category/tips-twitch/index.html]
[mez.ink/blog/wp-content/plugins/td-cloud-library/assets/js/js_files_for_front.mina271.js]
[mez.ink/blog/category/tips-content-creator/index.html]
[mez.ink/blog/category/inspirasi/index.html]
[stats.wp.com/e-202344.js]
[mez.ink/blog/index.html]
[mez.ink/blog/panduan-youtube-marketing/index.html]
[mez.ink/blog/category/belajar-digital-marketing/index.html]
[mez.ink/blog/author/mezink/index.html]
[mez.ink/blog/feed/index.html]
[mez.ink/mezink-web/_next/static/chunks/pages/faq-a199f1f4ce24555f.js]
[mez.ink/blog/tips-instagram-untuk-fotografer/index.html]
[mez.ink/blog/apa-itu-linkedin/index.html]
[mez.ink/blog/instagram-reels/index.html]
[mez.ink/blog/category/panduan-seo/index.html]
[mez.ink/blog/technical-seo/index.html]
[mez.ink/blog/link-building/index.html]
[mez.ink/blog/optimasi-seo-on-page/index.html]
[mez.ink/blog/artikel-seo/index.html]
[mez.ink/faq.html]
[mez.ink/blog/category/tiktok-hub/index.html]
[mez.ink/_next/static/chunks/form.7a1a35da65196410edd2.js]
[mez.ink/blog/fyp-adalah/index.html]
[mez.ink/_next/static/chunks/29107295-a36037e5ea1af0472eba.js]
[mez.ink/blog/cara-live-di-tiktok-2023/index.html]
[mez.ink/_next/static/chunks/7544.cf39307732ece29aab0f.js]
[mez.ink/blog/cara-live-streaming-youtube/index.html]
[mez.ink/_next/static/chunks/7313.838c45bff85c5ca7c73c.js]
[mez.ink/blog/author/user/index.html]
[mez.ink/_next/static/chunks/3778.4c92b792863c66b4e1b5.js]
[mez.ink/blog/klaim-hak-cipta-di-youtube-dashboard-studio/index.html]
[mez.ink/_next/static/chunks/1682.8a9a3fbfd01b59676695.js]
[mez.ink/blog/cara-membuat-end-screen-dashboard-youtube/index.html]
[mez.ink/_next/static/chunks/pages/[username]/[element]-e960d425b051b932c846.js]
[mez.ink/mezink/contact-mezink.html]
[mez.ink/blog/cara-edit-video-di-youtube-studio-dashboard/index.html]
[mez.ink/blog/tutorial-strategi-keyword-channel-youtube-dashboard/index.html]
[cdnjs.cloudflare.com/ajax/libs/slick-carousel/1.6.0/slick.min.css]
[mez.ink/blog/tahapan-design-thinking-adalah-dalam-design-aplikasi/index.html]
[mez.ink/blog/tutorial-figma-membuat-wireframe-website/index.html]
[mez.ink/blog/tutorial-figma-design-website/index.html]
[mez.ink/blog/tutorial-prototyping-figma-design/index.html]
[cdnjs.cloudflare.com/ajax/libs/slick-carousel/1.6.0/ajax-loader.gif]
[mez.ink/blog/export-figma-design-ke-html-css/index.html]
[cdnjs.cloudflare.com/ajax/libs/slick-carousel/1.6.0/fonts/slick.eot]
[mez.ink/blog/tips-food-styling-untuk-foto-produk-makanan-lengkap/index.html]
[cdnjs.cloudflare.com/ajax/libs/slick-carousel/1.6.0/fonts/slickd41d.eot]
[cdnjs.cloudflare.com/ajax/libs/slick-carousel/1.6.0/fonts/slick.woff]
[mez.ink/blog/ilustrator-adalah/index.html]
[cdnjs.cloudflare.com/ajax/libs/slick-carousel/1.6.0/fonts/slick.ttf]
[cdnjs.cloudflare.com/ajax/libs/slick-carousel/1.6.0/slick-theme.min.css]
[cdnjs.cloudflare.com/ajax/libs/slick-carousel/1.6.0/fonts/slick.svg]
[mez.ink/blog/apa-itu-google-ads/index.html]
[mez.ink/blog/desain-logo/index.html]
[mez.ink/blog/dasar-food-photography/index.html]
[mez.ink/blog/cara-membuat-channel-youtube/index.html]
[mez.ink/roket.ai/casestudy.html]
[mez.ink/pricing.html]
